// Vitest Snapshot v1

exports[`Button > create 1`] = `"<button class=\\"d-button d-button--default\\">default slot</button>"`;
