// Vitest Snapshot v1

exports[`mount component 1`] = `"<button class=\\"button\\"><span>count 0</span></button>"`;
